// Jest Snapshot v1, https://goo.gl/fbAQLP

exports[`renders correctly 1`] = `
ShallowWrapper {
  "length": 1,
  Symbol(enzyme.__root__): [Circular],
  Symbol(enzyme.__unrendered__): <TodoList
    todos={
      Array [
        Object {
          "id": 1,
          "message": "메시지1",
          "title": "제목1",
          "updatedAt": "2018-01-28 06:52:05",
        },
        Object {
          "id": 2,
          "message": "메시지2",
          "title": "제목2",
          "updatedAt": "2018-01-28 06:52:05",
        },
        Object {
          "id": 3,
          "message": "메시지3",
          "title": "제목3",
          "updatedAt": "2018-01-28 06:52:05",
        },
      ]
    }
  />,
  Symbol(enzyme.__renderer__): Object {
    "batchedUpdates": [Function],
    "getNode": [Function],
    "render": [Function],
    "simulateEvent": [Function],
    "unmount": [Function],
  },
  Symbol(enzyme.__node__): Object {
    "instance": null,
    "key": undefined,
    "nodeType": "host",
    "props": Object {
      "children": Array [
        <Todo
          todo={
            Object {
              "id": 1,
              "message": "메시지1",
              "title": "제목1",
              "updatedAt": "2018-01-28 06:52:05",
            }
          }
        />,
        <Todo
          todo={
            Object {
              "id": 2,
              "message": "메시지2",
              "title": "제목2",
              "updatedAt": "2018-01-28 06:52:05",
            }
          }
        />,
        <Todo
          todo={
            Object {
              "id": 3,
              "message": "메시지3",
              "title": "제목3",
              "updatedAt": "2018-01-28 06:52:05",
            }
          }
        />,
      ],
      "className": "todoList",
    },
    "ref": null,
    "rendered": Array [
      Object {
        "instance": null,
        "key": "1",
        "nodeType": "class",
        "props": Object {
          "todo": Object {
            "id": 1,
            "message": "메시지1",
            "title": "제목1",
            "updatedAt": "2018-01-28 06:52:05",
          },
        },
        "ref": null,
        "rendered": null,
        "type": [Function],
      },
      Object {
        "instance": null,
        "key": "2",
        "nodeType": "class",
        "props": Object {
          "todo": Object {
            "id": 2,
            "message": "메시지2",
            "title": "제목2",
            "updatedAt": "2018-01-28 06:52:05",
          },
        },
        "ref": null,
        "rendered": null,
        "type": [Function],
      },
      Object {
        "instance": null,
        "key": "3",
        "nodeType": "class",
        "props": Object {
          "todo": Object {
            "id": 3,
            "message": "메시지3",
            "title": "제목3",
            "updatedAt": "2018-01-28 06:52:05",
          },
        },
        "ref": null,
        "rendered": null,
        "type": [Function],
      },
    ],
    "type": "div",
  },
  Symbol(enzyme.__nodes__): Array [
    Object {
      "instance": null,
      "key": undefined,
      "nodeType": "host",
      "props": Object {
        "children": Array [
          <Todo
            todo={
              Object {
                "id": 1,
                "message": "메시지1",
                "title": "제목1",
                "updatedAt": "2018-01-28 06:52:05",
              }
            }
          />,
          <Todo
            todo={
              Object {
                "id": 2,
                "message": "메시지2",
                "title": "제목2",
                "updatedAt": "2018-01-28 06:52:05",
              }
            }
          />,
          <Todo
            todo={
              Object {
                "id": 3,
                "message": "메시지3",
                "title": "제목3",
                "updatedAt": "2018-01-28 06:52:05",
              }
            }
          />,
        ],
        "className": "todoList",
      },
      "ref": null,
      "rendered": Array [
        Object {
          "instance": null,
          "key": "1",
          "nodeType": "class",
          "props": Object {
            "todo": Object {
              "id": 1,
              "message": "메시지1",
              "title": "제목1",
              "updatedAt": "2018-01-28 06:52:05",
            },
          },
          "ref": null,
          "rendered": null,
          "type": [Function],
        },
        Object {
          "instance": null,
          "key": "2",
          "nodeType": "class",
          "props": Object {
            "todo": Object {
              "id": 2,
              "message": "메시지2",
              "title": "제목2",
              "updatedAt": "2018-01-28 06:52:05",
            },
          },
          "ref": null,
          "rendered": null,
          "type": [Function],
        },
        Object {
          "instance": null,
          "key": "3",
          "nodeType": "class",
          "props": Object {
            "todo": Object {
              "id": 3,
              "message": "메시지3",
              "title": "제목3",
              "updatedAt": "2018-01-28 06:52:05",
            },
          },
          "ref": null,
          "rendered": null,
          "type": [Function],
        },
      ],
      "type": "div",
    },
  ],
  Symbol(enzyme.__options__): Object {
    "adapter": ReactSixteenAdapter {
      "options": Object {
        "enableComponentDidUpdateOnSetState": true,
      },
    },
  },
}
`;
