// Jest Snapshot v1, https://goo.gl/fbAQLP

exports[`renders correctly 1`] = `
ShallowWrapper {
  "length": 1,
  Symbol(enzyme.__root__): [Circular],
  Symbol(enzyme.__unrendered__): <Public
    action="login"
    onChangeAction={[Function]}
  />,
  Symbol(enzyme.__renderer__): Object {
    "batchedUpdates": [Function],
    "getNode": [Function],
    "render": [Function],
    "simulateEvent": [Function],
    "unmount": [Function],
  },
  Symbol(enzyme.__node__): Object {
    "instance": null,
    "key": undefined,
    "nodeType": "host",
    "props": Object {
      "children": Array [
        <div>
          <Connect(Container) />
          <p>
            <span>
              Don't have an account?
               
            </span>
            <span
              onClick={[Function]}
            >
              Sign up
            </span>
          </p>
        </div>,
        false,
      ],
      "className": "public",
    },
    "ref": null,
    "rendered": Array [
      Object {
        "instance": null,
        "key": undefined,
        "nodeType": "host",
        "props": Object {
          "children": Array [
            <Connect(Container) />,
            <p>
              <span>
                Don't have an account?
                 
              </span>
              <span
                onClick={[Function]}
              >
                Sign up
              </span>
            </p>,
          ],
        },
        "ref": null,
        "rendered": Array [
          Object {
            "instance": null,
            "key": undefined,
            "nodeType": "class",
            "props": Object {},
            "ref": null,
            "rendered": null,
            "type": [Function],
          },
          Object {
            "instance": null,
            "key": undefined,
            "nodeType": "host",
            "props": Object {
              "children": Array [
                <span>
                  Don't have an account?
                   
                </span>,
                <span
                  onClick={[Function]}
                >
                  Sign up
                </span>,
              ],
            },
            "ref": null,
            "rendered": Array [
              Object {
                "instance": null,
                "key": undefined,
                "nodeType": "host",
                "props": Object {
                  "children": Array [
                    "Don't have an account?",
                    " ",
                  ],
                },
                "ref": null,
                "rendered": Array [
                  "Don't have an account?",
                  " ",
                ],
                "type": "span",
              },
              Object {
                "instance": null,
                "key": undefined,
                "nodeType": "host",
                "props": Object {
                  "children": "Sign up",
                  "onClick": [Function],
                },
                "ref": null,
                "rendered": "Sign up",
                "type": "span",
              },
            ],
            "type": "p",
          },
        ],
        "type": "div",
      },
      false,
    ],
    "type": "div",
  },
  Symbol(enzyme.__nodes__): Array [
    Object {
      "instance": null,
      "key": undefined,
      "nodeType": "host",
      "props": Object {
        "children": Array [
          <div>
            <Connect(Container) />
            <p>
              <span>
                Don't have an account?
                 
              </span>
              <span
                onClick={[Function]}
              >
                Sign up
              </span>
            </p>
          </div>,
          false,
        ],
        "className": "public",
      },
      "ref": null,
      "rendered": Array [
        Object {
          "instance": null,
          "key": undefined,
          "nodeType": "host",
          "props": Object {
            "children": Array [
              <Connect(Container) />,
              <p>
                <span>
                  Don't have an account?
                   
                </span>
                <span
                  onClick={[Function]}
                >
                  Sign up
                </span>
              </p>,
            ],
          },
          "ref": null,
          "rendered": Array [
            Object {
              "instance": null,
              "key": undefined,
              "nodeType": "class",
              "props": Object {},
              "ref": null,
              "rendered": null,
              "type": [Function],
            },
            Object {
              "instance": null,
              "key": undefined,
              "nodeType": "host",
              "props": Object {
                "children": Array [
                  <span>
                    Don't have an account?
                     
                  </span>,
                  <span
                    onClick={[Function]}
                  >
                    Sign up
                  </span>,
                ],
              },
              "ref": null,
              "rendered": Array [
                Object {
                  "instance": null,
                  "key": undefined,
                  "nodeType": "host",
                  "props": Object {
                    "children": Array [
                      "Don't have an account?",
                      " ",
                    ],
                  },
                  "ref": null,
                  "rendered": Array [
                    "Don't have an account?",
                    " ",
                  ],
                  "type": "span",
                },
                Object {
                  "instance": null,
                  "key": undefined,
                  "nodeType": "host",
                  "props": Object {
                    "children": "Sign up",
                    "onClick": [Function],
                  },
                  "ref": null,
                  "rendered": "Sign up",
                  "type": "span",
                },
              ],
              "type": "p",
            },
          ],
          "type": "div",
        },
        false,
      ],
      "type": "div",
    },
  ],
  Symbol(enzyme.__options__): Object {
    "adapter": ReactSixteenAdapter {
      "options": Object {
        "enableComponentDidUpdateOnSetState": true,
      },
    },
  },
}
`;
